[2026-07-26 15:16:30] INFO: MongoDB Connected: 127.0.0.1
[2026-07-26 15:16:30] INFO: Server running in development mode on port 5000
[2026-07-26 15:18:27] INFO: GET /health 200 102 - 55.687 ms
[2026-07-26 15:56:43] INFO: MongoDB Connected: 127.0.0.1
[2026-07-26 15:56:43] INFO: Server running in development mode on port 5000
[2026-07-26 15:57:22] INFO: MongoDB Connected: 127.0.0.1
[2026-07-26 15:57:58] INFO: MongoDB Connected: 127.0.0.1
[2026-07-26 15:57:58] INFO: Server running in development mode on port 5000
[2026-07-26 15:58:01] INFO: MongoDB Connected: 127.0.0.1
[2026-07-26 16:03:34] INFO: MongoDB Connected: 127.0.0.1
[2026-07-26 16:03:34] INFO: Server running in development mode on port 5000
[2026-07-26 16:21:07] INFO: POST /api/auth/login 401 69 - 147.134 ms
[2026-07-26 16:25:45] INFO: POST /api/auth/login 422 222 - 36.570 ms
[2026-07-26 16:26:51] INFO: POST /api/auth/login 401 69 - 133.728 ms
[2026-07-26 16:29:23] INFO: POST /api/auth/login 401 69 - 11.126 ms
[2026-07-26 16:29:58] ERROR: GET /api/auth/register - Route Not Found - /api/auth/register
[2026-07-26 16:29:58] INFO: GET /api/auth/register 404 - - 25.396 ms
[2026-07-26 16:40:07] INFO: MongoDB Connected: 127.0.0.1
[2026-07-26 16:40:07] INFO: Server running in development mode on port 5000
[2026-07-26 16:42:05] INFO: POST /api/auth/register 201 343 - 464.390 ms
[2026-07-26 16:45:32] INFO: POST /api/auth/login 200 331 - 332.193 ms
[2026-07-26 16:45:32] INFO: GET /api/firs?limit=5 200 107 - 140.432 ms
[2026-07-26 16:45:32] INFO: GET /api/analytics/monthly-trend?year=2026 200 79 - 167.740 ms
[2026-07-26 16:45:32] INFO: GET /api/analytics/crime-by-district 200 77 - 261.567 ms
[2026-07-26 16:45:32] INFO: GET /api/analytics/crime-by-category 200 77 - 201.476 ms
[2026-07-26 16:45:32] INFO: GET /api/analytics/dashboard-kpis 200 142 - 299.892 ms
[2026-07-26 16:45:32] INFO: GET /api/firs?limit=5 304 - - 111.182 ms
[2026-07-26 16:45:32] INFO: GET /api/analytics/monthly-trend?year=2026 304 - - 63.164 ms
[2026-07-26 16:45:32] INFO: GET /api/analytics/crime-by-district 304 - - 42.673 ms
[2026-07-26 16:45:32] INFO: GET /api/analytics/crime-by-category 304 - - 44.223 ms
[2026-07-26 16:45:32] INFO: GET /api/analytics/dashboard-kpis 304 - - 45.234 ms
[2026-07-26 16:46:01] INFO: POST /api/ai/chat 200 248 - 13.143 ms
[2026-07-26 16:46:06] INFO: GET /api/analytics/crime-by-district 304 - - 75.531 ms
[2026-07-26 16:46:07] INFO: GET /api/analytics/monthly-trend?year=2026 304 - - 79.537 ms
[2026-07-26 16:46:07] INFO: GET /api/analytics/crime-by-category 304 - - 108.291 ms
[2026-07-26 16:46:07] INFO: GET /api/analytics/crime-by-district 304 - - 34.079 ms
[2026-07-26 16:46:07] INFO: GET /api/analytics/monthly-trend?year=2026 304 - - 37.399 ms
[2026-07-26 16:46:07] INFO: GET /api/analytics/crime-by-category 304 - - 40.646 ms
[2026-07-26 16:46:10] INFO: GET /api/cases?limit=50 200 109 - 30.738 ms
[2026-07-26 16:46:10] INFO: GET /api/cases?limit=50 304 - - 24.462 ms
[2026-07-26 16:46:48] INFO: GET /api/firs?search=&limit=50 200 107 - 15.041 ms
[2026-07-26 16:46:50] INFO: GET /api/criminals?search=&limit=50 200 124 - 76.516 ms
[2026-07-26 16:46:52] INFO: GET /api/evidence 200 68 - 29.696 ms
[2026-07-26 16:46:52] INFO: GET /api/evidence 304 - - 10.929 ms
[2026-07-26 16:46:57] INFO: GET /api/officers 200 68 - 48.043 ms
[2026-07-26 16:46:57] INFO: GET /api/officers 304 - - 13.204 ms
[2026-07-26 16:53:54] INFO: GET /api/officers 304 - - 105.873 ms
[2026-07-26 16:53:54] INFO: GET /api/officers 304 - - 8.128 ms
[2026-07-26 16:54:00] INFO: GET /api/officers 304 - - 12.159 ms
[2026-07-26 16:54:00] INFO: GET /api/officers 304 - - 9.781 ms
[2026-07-26 16:54:02] INFO: GET /api/criminals?search=&limit=50 304 - - 59.194 ms
[2026-07-26 16:54:05] INFO: GET /api/analytics/dashboard-kpis 304 - - 85.683 ms
[2026-07-26 16:54:05] INFO: GET /api/firs?limit=5 304 - - 71.664 ms
[2026-07-26 16:54:05] INFO: GET /api/analytics/monthly-trend?year=2026 304 - - 93.921 ms
[2026-07-26 16:54:05] INFO: GET /api/analytics/crime-by-category 304 - - 101.727 ms
[2026-07-26 16:54:05] INFO: GET /api/analytics/crime-by-district 304 - - 109.418 ms
[2026-07-26 16:54:05] INFO: GET /api/analytics/dashboard-kpis 304 - - 56.810 ms
[2026-07-26 16:54:05] INFO: GET /api/firs?limit=5 304 - - 60.375 ms
[2026-07-26 16:54:05] INFO: GET /api/analytics/monthly-trend?year=2026 304 - - 33.088 ms
[2026-07-26 16:54:05] INFO: GET /api/analytics/crime-by-district 304 - - 32.518 ms
[2026-07-26 16:54:05] INFO: GET /api/analytics/crime-by-category 304 - - 38.183 ms
[2026-07-26 16:56:08] INFO: POST /api/auth/login 200 331 - 549.058 ms
[2026-07-26 16:56:09] INFO: GET /api/firs?limit=5 304 - - 91.742 ms
[2026-07-26 16:56:09] INFO: GET /api/analytics/dashboard-kpis 304 - - 105.960 ms
[2026-07-26 16:56:09] INFO: GET /api/analytics/monthly-trend?year=2026 304 - - 115.524 ms
[2026-07-26 16:56:09] INFO: GET /api/analytics/crime-by-category 304 - - 110.725 ms
[2026-07-26 16:56:09] INFO: GET /api/analytics/crime-by-district 304 - - 132.039 ms
[2026-07-26 16:56:09] INFO: GET /api/firs?limit=5 304 - - 216.700 ms
[2026-07-26 16:56:09] INFO: GET /api/analytics/dashboard-kpis 304 - - 229.499 ms
[2026-07-26 16:56:09] INFO: GET /api/analytics/monthly-trend?year=2026 304 - - 247.215 ms
[2026-07-26 16:56:09] INFO: GET /api/analytics/crime-by-category 304 - - 211.233 ms
[2026-07-26 16:56:09] INFO: GET /api/analytics/crime-by-district 304 - - 212.195 ms
[2026-07-26 16:56:38] INFO: GET /api/analytics/crime-by-district 304 - - 57.361 ms
[2026-07-26 16:56:38] INFO: GET /api/analytics/crime-by-category 304 - - 59.429 ms
[2026-07-26 16:56:38] INFO: GET /api/analytics/monthly-trend?year=2026 304 - - 65.398 ms
[2026-07-26 16:56:38] INFO: GET /api/firs?limit=5 304 - - 75.760 ms
[2026-07-26 16:56:38] INFO: GET /api/analytics/dashboard-kpis 304 - - 98.317 ms
[2026-07-26 16:56:38] INFO: GET /api/analytics/crime-by-district 304 - - 97.048 ms
[2026-07-26 16:56:38] INFO: GET /api/analytics/crime-by-category 304 - - 81.150 ms
[2026-07-26 16:56:38] INFO: GET /api/analytics/monthly-trend?year=2026 304 - - 80.444 ms
[2026-07-26 16:56:38] INFO: GET /api/firs?limit=5 304 - - 81.731 ms
[2026-07-26 16:56:38] INFO: GET /api/analytics/dashboard-kpis 304 - - 81.497 ms
[2026-07-26 16:57:42] INFO: POST /api/ai/chat 200 248 - 138.175 ms
[2026-07-26 16:57:44] INFO: POST /api/ai/chat 200 239 - 51.780 ms
[2026-07-26 16:57:57] INFO: GET /api/cases?limit=50 304 - - 125.908 ms
[2026-07-26 16:57:57] INFO: GET /api/cases?limit=50 304 - - 46.165 ms
[2026-07-26 16:57:58] INFO: GET /api/firs?search=&limit=50 304 - - 27.636 ms
[2026-07-26 16:57:59] INFO: GET /api/criminals?search=&limit=50 304 - - 55.236 ms
[2026-07-26 16:58:15] INFO: GET /api/officers 304 - - 36.167 ms
[2026-07-26 16:58:15] INFO: GET /api/officers 304 - - 18.053 ms
[2026-07-26 16:58:17] INFO: GET /api/analytics/dashboard-kpis 304 - - 124.286 ms
[2026-07-26 16:58:17] INFO: GET /api/analytics/crime-by-district 304 - - 148.883 ms
[2026-07-26 16:58:17] INFO: GET /api/analytics/crime-by-category 304 - - 150.017 ms
[2026-07-26 16:58:17] INFO: GET /api/analytics/monthly-trend?year=2026 304 - - 137.642 ms
[2026-07-26 16:58:17] INFO: GET /api/firs?limit=5 304 - - 133.396 ms
[2026-07-26 16:58:17] INFO: GET /api/analytics/dashboard-kpis 304 - - 105.977 ms
[2026-07-26 16:58:17] INFO: GET /api/analytics/crime-by-district 304 - - 94.843 ms
[2026-07-26 16:58:17] INFO: GET /api/analytics/crime-by-category 304 - - 78.985 ms
[2026-07-26 16:58:17] INFO: GET /api/analytics/monthly-trend?year=2026 304 - - 75.052 ms
[2026-07-26 16:58:17] INFO: GET /api/firs?limit=5 304 - - 72.441 ms
[2026-07-26 16:58:51] INFO: GET /api/evidence 304 - - 34.435 ms
[2026-07-26 16:58:51] INFO: GET /api/evidence 304 - - 12.347 ms
[2026-07-26 17:59:19] INFO: MongoDB Connected: 127.0.0.1
[2026-07-26 17:59:19] INFO: Server running in development mode on port 5000
[2026-07-26 18:02:04] INFO: GET /api/firs?limit=5 304 - - 146.935 ms
[2026-07-26 18:02:04] INFO: GET /api/analytics/dashboard-kpis 304 - - 266.129 ms
[2026-07-26 18:02:04] INFO: GET /api/analytics/monthly-trend?year=2026 304 - - 152.550 ms
[2026-07-26 18:02:04] INFO: GET /api/analytics/crime-by-district 304 - - 167.701 ms
[2026-07-26 18:02:04] INFO: GET /api/analytics/crime-by-category 304 - - 162.800 ms
[2026-07-26 18:02:04] INFO: GET /api/firs?limit=5 304 - - 28.966 ms
[2026-07-26 18:02:04] INFO: GET /api/analytics/dashboard-kpis 304 - - 31.665 ms
[2026-07-26 18:02:04] INFO: GET /api/analytics/monthly-trend?year=2026 304 - - 31.513 ms
[2026-07-26 18:02:04] INFO: GET /api/analytics/crime-by-district 304 - - 31.680 ms
[2026-07-26 18:02:04] INFO: GET /api/analytics/crime-by-category 304 - - 32.422 ms
[2026-07-26 18:02:17] INFO: POST /api/auth/login 200 331 - 252.998 ms
[2026-07-26 18:02:17] INFO: GET /api/analytics/dashboard-kpis 304 - - 45.458 ms
[2026-07-26 18:02:17] INFO: GET /api/analytics/crime-by-district 304 - - 45.075 ms
[2026-07-26 18:02:17] INFO: GET /api/analytics/crime-by-category 304 - - 43.942 ms
[2026-07-26 18:02:17] INFO: GET /api/analytics/monthly-trend?year=2026 304 - - 54.648 ms
[2026-07-26 18:02:17] INFO: GET /api/firs?limit=5 304 - - 43.668 ms
[2026-07-26 18:02:17] INFO: GET /api/analytics/dashboard-kpis 304 - - 47.042 ms
[2026-07-26 18:02:17] INFO: GET /api/analytics/crime-by-category 304 - - 41.252 ms
[2026-07-26 18:02:17] INFO: GET /api/analytics/crime-by-district 304 - - 46.557 ms
[2026-07-26 18:02:17] INFO: GET /api/analytics/monthly-trend?year=2026 304 - - 42.812 ms
[2026-07-26 18:02:17] INFO: GET /api/firs?limit=5 304 - - 29.633 ms
[2026-07-26 18:03:02] INFO: GET /api/analytics/dashboard-kpis 304 - - 34.367 ms
[2026-07-26 18:03:02] INFO: GET /api/analytics/monthly-trend?year=2026 304 - - 33.072 ms
[2026-07-26 18:03:02] INFO: GET /api/analytics/crime-by-district 304 - - 39.825 ms
[2026-07-26 18:03:02] INFO: GET /api/analytics/crime-by-category 304 - - 38.653 ms
[2026-07-26 18:03:02] INFO: GET /api/firs?limit=5 304 - - 40.207 ms
[2026-07-26 18:03:02] INFO: GET /api/analytics/dashboard-kpis 304 - - 41.472 ms
[2026-07-26 18:03:02] INFO: GET /api/analytics/monthly-trend?year=2026 304 - - 39.723 ms
[2026-07-26 18:03:02] INFO: GET /api/analytics/crime-by-district 304 - - 34.951 ms
[2026-07-26 18:03:02] INFO: GET /api/analytics/crime-by-category 304 - - 33.902 ms
[2026-07-26 18:03:02] INFO: GET /api/firs?limit=5 304 - - 33.603 ms
[2026-07-26 18:12:16] INFO: GET /api/firs?limit=5 304 - - 76.894 ms
[2026-07-26 18:12:16] INFO: GET /api/analytics/dashboard-kpis 304 - - 95.871 ms
[2026-07-26 18:12:16] INFO: GET /api/analytics/monthly-trend?year=2026 304 - - 99.007 ms
[2026-07-26 18:12:16] INFO: GET /api/analytics/crime-by-category 304 - - 186.184 ms
[2026-07-26 18:12:16] INFO: GET /api/analytics/crime-by-district 304 - - 113.789 ms
[2026-07-26 18:12:16] INFO: GET /api/firs?limit=5 304 - - 34.227 ms
[2026-07-26 18:12:16] INFO: GET /api/analytics/dashboard-kpis 304 - - 38.278 ms
[2026-07-26 18:12:16] INFO: GET /api/analytics/monthly-trend?year=2026 304 - - 40.095 ms
[2026-07-26 18:12:16] INFO: GET /api/analytics/crime-by-category 304 - - 39.256 ms
[2026-07-26 18:12:16] INFO: GET /api/analytics/crime-by-district 304 - - 38.557 ms
[2026-07-26 18:12:44] INFO: GET /api/districts 200 69 - 76.521 ms
[2026-07-26 18:12:44] INFO: GET /api/districts 304 - - 7.098 ms
[2026-07-26 18:12:55] INFO: GET /api/officers 304 - - 53.228 ms
[2026-07-26 18:12:55] INFO: GET /api/officers 304 - - 120.034 ms
[2026-07-26 18:12:57] INFO: GET /api/evidence 304 - - 35.689 ms
[2026-07-26 18:12:57] INFO: GET /api/evidence 304 - - 8.023 ms
[2026-07-26 18:13:07] INFO: GET /api/criminals?search=&limit=50 304 - - 20.205 ms
[2026-07-26 18:13:12] INFO: GET /api/firs?search=&limit=50 304 - - 10.433 ms
[2026-07-26 18:13:16] INFO: GET /api/cases?limit=50 304 - - 19.784 ms
[2026-07-26 18:13:16] INFO: GET /api/cases?limit=50 304 - - 17.094 ms
[2026-07-26 18:17:41] INFO: GET /api/analytics/dashboard-kpis 304 - - 101.923 ms
[2026-07-26 18:17:41] INFO: GET /api/firs?limit=5 304 - - 94.561 ms
[2026-07-26 18:17:41] INFO: GET /api/analytics/monthly-trend?year=2026 304 - - 106.349 ms
[2026-07-26 18:17:41] INFO: GET /api/analytics/crime-by-category 304 - - 104.315 ms
[2026-07-26 18:17:41] INFO: GET /api/analytics/crime-by-district 304 - - 182.792 ms
[2026-07-26 18:17:41] INFO: GET /api/analytics/crime-by-category 304 - - 32.924 ms
[2026-07-26 18:17:41] INFO: GET /api/analytics/dashboard-kpis 304 - - 43.676 ms
[2026-07-26 18:17:41] INFO: GET /api/firs?limit=5 304 - - 42.016 ms
[2026-07-26 18:17:41] INFO: GET /api/analytics/monthly-trend?year=2026 304 - - 41.527 ms
[2026-07-26 18:17:41] INFO: GET /api/analytics/crime-by-district 304 - - 42.775 ms
[2026-07-26 18:17:50] INFO: GET /api/analytics/crime-by-category 304 - - 149.296 ms
[2026-07-26 18:17:50] INFO: GET /api/analytics/dashboard-kpis 304 - - 249.633 ms
[2026-07-26 18:17:50] INFO: GET /api/analytics/crime-by-district 304 - - 253.836 ms
[2026-07-26 18:17:50] INFO: GET /api/firs?limit=5 304 - - 264.877 ms
[2026-07-26 18:17:50] INFO: GET /api/analytics/monthly-trend?year=2026 304 - - 326.450 ms
[2026-07-26 18:17:51] INFO: GET /api/analytics/crime-by-district 304 - - 403.663 ms
[2026-07-26 18:17:51] INFO: GET /api/analytics/crime-by-category 304 - - 695.879 ms
[2026-07-26 18:17:51] INFO: GET /api/analytics/dashboard-kpis 304 - - 676.135 ms
[2026-07-26 18:17:51] INFO: GET /api/firs?limit=5 304 - - 600.888 ms
[2026-07-26 18:17:51] INFO: GET /api/analytics/monthly-trend?year=2026 304 - - 578.372 ms
[2026-07-26 18:17:52] INFO: GET /api/districts 304 - - 99.972 ms
[2026-07-26 18:17:52] INFO: GET /api/districts 304 - - 9.141 ms
[2026-07-26 18:21:50] INFO: GET /api/firs?limit=5 304 - - 53.488 ms
[2026-07-26 18:21:50] INFO: GET /api/analytics/dashboard-kpis 304 - - 87.346 ms
[2026-07-26 18:21:50] INFO: GET /api/analytics/monthly-trend?year=2026 304 - - 62.360 ms
[2026-07-26 18:21:50] INFO: GET /api/analytics/crime-by-category 304 - - 68.219 ms
[2026-07-26 18:21:50] INFO: GET /api/analytics/crime-by-district 304 - - 74.063 ms
[2026-07-26 18:21:50] INFO: GET /api/firs?limit=5 304 - - 35.658 ms
[2026-07-26 18:21:50] INFO: GET /api/analytics/dashboard-kpis 304 - - 35.431 ms
[2026-07-26 18:21:50] INFO: GET /api/analytics/monthly-trend?year=2026 304 - - 49.481 ms
[2026-07-26 18:21:50] INFO: GET /api/analytics/crime-by-category 304 - - 59.086 ms
[2026-07-26 18:21:50] INFO: GET /api/analytics/crime-by-district 304 - - 67.103 ms
[2026-07-26 18:31:23] INFO: GET /api/firs?limit=5 304 - - 79.687 ms
[2026-07-26 18:31:23] INFO: GET /api/analytics/dashboard-kpis 304 - - 96.658 ms
[2026-07-26 18:31:23] INFO: GET /api/analytics/monthly-trend?year=2026 304 - - 254.076 ms
[2026-07-26 18:31:23] INFO: GET /api/analytics/crime-by-district 304 - - 115.529 ms
[2026-07-26 18:31:23] INFO: GET /api/analytics/crime-by-category 304 - - 132.430 ms
[2026-07-26 18:31:23] INFO: GET /api/firs?limit=5 304 - - 39.134 ms
[2026-07-26 18:31:23] INFO: GET /api/analytics/dashboard-kpis 304 - - 35.453 ms
[2026-07-26 18:31:23] INFO: GET /api/analytics/monthly-trend?year=2026 304 - - 39.984 ms
[2026-07-26 18:31:23] INFO: GET /api/analytics/crime-by-district 304 - - 41.284 ms
[2026-07-26 18:31:23] INFO: GET /api/analytics/crime-by-category 304 - - 40.032 ms
[2026-07-26 18:34:45] INFO: GET /api/analytics/dashboard-kpis 304 - - 59.968 ms
[2026-07-26 18:34:45] INFO: GET /api/firs?limit=5 304 - - 45.025 ms
[2026-07-26 18:34:45] INFO: GET /api/analytics/monthly-trend?year=2026 304 - - 43.233 ms
[2026-07-26 18:34:45] INFO: GET /api/analytics/crime-by-category 304 - - 42.556 ms
[2026-07-26 18:34:45] INFO: GET /api/analytics/crime-by-district 304 - - 39.889 ms
[2026-07-26 18:34:45] INFO: GET /api/analytics/dashboard-kpis 304 - - 52.950 ms
[2026-07-26 18:34:45] INFO: GET /api/firs?limit=5 304 - - 56.253 ms
[2026-07-26 18:34:45] INFO: GET /api/analytics/crime-by-category 304 - - 62.412 ms
[2026-07-26 18:34:45] INFO: GET /api/analytics/monthly-trend?year=2026 304 - - 114.068 ms
[2026-07-26 18:34:45] INFO: GET /api/analytics/crime-by-district 304 - - 139.522 ms
[2026-07-26 18:40:17] INFO: GET /api/analytics/dashboard-kpis 304 - - 2037.266 ms
[2026-07-26 18:40:17] INFO: GET /api/analytics/crime-by-category 304 - - 2026.416 ms
[2026-07-26 18:40:17] INFO: GET /api/analytics/crime-by-district 304 - - 3081.411 ms
[2026-07-26 18:40:18] INFO: GET /api/analytics/monthly-trend?year=2026 304 - - 2005.996 ms
[2026-07-26 18:40:18] INFO: GET /api/firs?limit=5 304 - - 2009.429 ms
[2026-07-26 18:40:18] INFO: GET /api/analytics/dashboard-kpis 304 - - 163.303 ms
[2026-07-26 18:40:18] INFO: GET /api/analytics/crime-by-category 304 - - 153.579 ms
[2026-07-26 18:40:18] INFO: GET /api/analytics/crime-by-district 304 - - 151.707 ms
[2026-07-26 18:40:18] INFO: GET /api/analytics/monthly-trend?year=2026 304 - - 146.913 ms
[2026-07-26 18:40:18] INFO: GET /api/firs?limit=5 304 - - 137.287 ms
[2026-07-26 18:40:46] INFO: GET /api/criminals?search=&limit=50 304 - - 23.448 ms
[2026-07-26 18:41:50] INFO: GET /api/districts 304 - - 66.749 ms
[2026-07-26 18:41:50] INFO: GET /api/districts 304 - - 11.526 ms
[2026-07-26 18:41:56] INFO: GET /api/officers 304 - - 73.891 ms
[2026-07-26 18:41:56] INFO: GET /api/officers 304 - - 16.785 ms
[2026-07-26 18:46:00] INFO: MongoDB Connected: 127.0.0.1
[2026-07-26 18:46:00] INFO: Server running in development mode on port 5000
[2026-07-26 18:46:11] INFO: MongoDB Connected: 127.0.0.1
[2026-07-26 18:46:11] INFO: Server running in development mode on port 5000
[2026-07-26 18:47:18] INFO: Connected to MongoDB for seeding
[2026-07-26 18:47:19] INFO: 31 districts seeded
[2026-07-26 18:47:19] INFO: 15 crime categories seeded
[2026-07-26 18:47:19] INFO: Full demo dataset seeded successfully:
[2026-07-26 19:00:35] INFO: MongoDB Connected: 127.0.0.1
[2026-07-26 19:00:35] INFO: Server running in development mode on port 5000
[2026-07-26 19:01:32] INFO: GET /health 200 102 - 33.894 ms
[2026-07-26 19:04:52] ERROR: GET /api/firs?limit=5 - Schema hasn't been registered for model "PoliceStation".
Use mongoose.model(name, schema)
[2026-07-26 19:04:52] INFO: GET /api/analytics/dashboard-kpis 200 146 - 195.351 ms
[2026-07-26 19:04:52] INFO: GET /api/analytics/monthly-trend?year=2026 200 201 - 171.268 ms
[2026-07-26 19:04:52] INFO: GET /api/analytics/crime-by-category 200 632 - 196.498 ms
[2026-07-26 19:04:52] INFO: GET /api/firs?limit=5 500 - - 101.761 ms
[2026-07-26 19:04:53] INFO: GET /api/analytics/crime-by-district 200 - - 636.879 ms
[2026-07-26 19:04:54] INFO: GET /api/analytics/dashboard-kpis 304 - - 1216.925 ms
[2026-07-26 19:04:54] INFO: GET /api/analytics/monthly-trend?year=2026 304 - - 1451.423 ms
[2026-07-26 19:04:54] INFO: GET /api/analytics/crime-by-category 200 632 - 1667.478 ms
[2026-07-26 19:04:54] ERROR: GET /api/firs?limit=5 - Schema hasn't been registered for model "PoliceStation".
Use mongoose.model(name, schema)
[2026-07-26 19:04:55] INFO: GET /api/firs?limit=5 500 - - 1942.157 ms
[2026-07-26 19:04:55] INFO: GET /api/analytics/crime-by-district 200 - - 362.412 ms
[2026-07-26 19:13:10] INFO: MongoDB Connected: 127.0.0.1
[2026-07-26 19:13:10] INFO: Server running in development mode on port 5000
[2026-07-26 19:14:43] INFO: GET /api/analytics/monthly-trend?year=2026 304 - - 296.405 ms
[2026-07-26 19:14:43] INFO: GET /api/analytics/crime-by-category 200 632 - 321.567 ms
[2026-07-26 19:14:43] INFO: GET /api/analytics/dashboard-kpis 304 - - 610.580 ms
[2026-07-26 19:14:44] INFO: GET /api/analytics/crime-by-district 200 - - 360.507 ms
[2026-07-26 19:14:44] INFO: GET /api/analytics/monthly-trend?year=2026 304 - - 88.215 ms
[2026-07-26 19:14:44] INFO: GET /api/analytics/crime-by-category 200 632 - 88.317 ms
[2026-07-26 19:14:44] INFO: GET /api/analytics/dashboard-kpis 304 - - 95.307 ms
[2026-07-26 19:14:44] INFO: GET /api/firs?limit=5 200 - - 456.504 ms
[2026-07-26 19:14:44] INFO: GET /api/firs?limit=5 304 - - 57.390 ms
[2026-07-26 19:14:44] INFO: GET /api/analytics/crime-by-district 200 - - 50.608 ms
[2026-07-26 19:14:45] INFO: GET /api/analytics/dashboard-kpis 304 - - 52.280 ms
[2026-07-26 19:14:45] INFO: GET /api/analytics/crime-by-district 304 - - 53.367 ms
[2026-07-26 19:14:45] INFO: GET /api/analytics/crime-by-category 200 632 - 52.259 ms
[2026-07-26 19:14:45] INFO: GET /api/analytics/monthly-trend?year=2026 304 - - 49.600 ms
[2026-07-26 19:14:45] INFO: GET /api/firs?limit=5 304 - - 76.735 ms
[2026-07-26 19:14:45] INFO: GET /api/analytics/dashboard-kpis 304 - - 52.994 ms
[2026-07-26 19:14:45] INFO: GET /api/analytics/monthly-trend?year=2026 304 - - 44.323 ms
[2026-07-26 19:14:45] INFO: GET /api/analytics/crime-by-category 200 632 - 59.835 ms
[2026-07-26 19:14:45] INFO: GET /api/analytics/crime-by-district 200 - - 54.750 ms
[2026-07-26 19:14:45] INFO: GET /api/firs?limit=5 304 - - 48.008 ms
[2026-07-26 19:15:02] INFO: GET /api/firs/6a6608df6e2ae8366b644983 200 - - 103.226 ms
[2026-07-26 19:15:02] INFO: GET /api/firs/6a6608df6e2ae8366b644983 304 - - 196.230 ms
[2026-07-26 19:15:08] INFO: GET /api/analytics/dashboard-kpis 304 - - 61.769 ms
[2026-07-26 19:15:08] INFO: GET /api/analytics/monthly-trend?year=2026 304 - - 57.646 ms
[2026-07-26 19:15:08] INFO: GET /api/analytics/crime-by-category 200 632 - 44.712 ms
[2026-07-26 19:15:08] INFO: GET /api/analytics/crime-by-district 200 - - 64.724 ms
[2026-07-26 19:15:08] INFO: GET /api/firs?limit=5 304 - - 111.866 ms
[2026-07-26 19:15:08] INFO: GET /api/analytics/dashboard-kpis 304 - - 82.244 ms
[2026-07-26 19:15:08] INFO: GET /api/analytics/monthly-trend?year=2026 304 - - 83.886 ms
[2026-07-26 19:15:08] INFO: GET /api/analytics/crime-by-category 200 632 - 68.581 ms
[2026-07-26 19:15:08] INFO: GET /api/firs?limit=5 304 - - 48.601 ms
[2026-07-26 19:15:08] INFO: GET /api/analytics/crime-by-district 200 - - 40.028 ms
[2026-07-26 19:15:21] INFO: GET /api/cases?limit=50 200 - - 114.354 ms
[2026-07-26 19:15:21] INFO: GET /api/cases?limit=50 304 - - 58.413 ms
[2026-07-26 19:15:27] INFO: GET /api/firs?search=&limit=50 200 - - 85.704 ms
[2026-07-26 19:20:29] INFO: GET /api/districts 200 - - 115.504 ms
[2026-07-26 19:20:29] INFO: GET /api/districts 304 - - 4.889 ms
[2026-07-26 19:20:39] INFO: GET /api/officers 200 - - 160.720 ms
[2026-07-26 19:20:39] INFO: GET /api/officers 304 - - 39.820 ms
[2026-07-26 19:20:45] INFO: GET /api/evidence 200 - - 54.740 ms
[2026-07-26 19:20:45] INFO: GET /api/evidence 304 - - 25.871 ms
[2026-07-26 19:20:50] INFO: GET /api/criminals?search=&limit=50 200 - - 77.142 ms
[2026-07-26 19:20:55] INFO: GET /api/firs?search=&limit=50 304 - - 60.976 ms
[2026-07-26 19:20:56] INFO: GET /api/cases?limit=50 304 - - 71.246 ms
[2026-07-26 19:20:56] INFO: GET /api/cases?limit=50 304 - - 43.700 ms
[2026-07-26 19:24:53] INFO: GET /api/cases?limit=50 304 - - 487.607 ms
[2026-07-26 19:35:14] INFO: MongoDB Connected: 127.0.0.1
[2026-07-26 19:35:15] INFO: Server running in development mode on port 5000
[2026-07-26 19:36:27] INFO: GET /api/analytics/monthly-trend?year=2026 304 - - 637.190 ms
[2026-07-26 19:36:27] INFO: GET /api/analytics/dashboard-kpis 304 - - 1144.514 ms
[2026-07-26 19:36:27] INFO: GET /api/analytics/crime-by-category 200 632 - 660.157 ms
[2026-07-26 19:36:27] INFO: GET /api/analytics/crime-by-district 200 - - 749.608 ms
[2026-07-26 19:36:27] INFO: GET /api/firs?limit=5 304 - - 860.268 ms
[2026-07-26 19:36:27] INFO: GET /api/analytics/monthly-trend?year=2026 304 - - 77.111 ms
[2026-07-26 19:36:27] INFO: GET /api/analytics/dashboard-kpis 304 - - 53.019 ms
[2026-07-26 19:36:27] INFO: GET /api/analytics/crime-by-category 304 - - 56.102 ms
[2026-07-26 19:36:27] INFO: GET /api/analytics/crime-by-district 200 - - 36.702 ms
[2026-07-26 19:36:27] INFO: GET /api/firs?limit=5 304 - - 46.880 ms
[2026-07-26 19:36:33] INFO: GET /api/analytics/dashboard-kpis 304 - - 40.769 ms
[2026-07-26 19:36:33] INFO: GET /api/analytics/crime-by-category 200 632 - 38.102 ms
[2026-07-26 19:36:33] INFO: GET /api/analytics/monthly-trend?year=2026 304 - - 42.706 ms
[2026-07-26 19:36:33] INFO: GET /api/analytics/crime-by-district 200 - - 38.888 ms
[2026-07-26 19:36:33] INFO: GET /api/firs?limit=5 304 - - 76.580 ms
[2026-07-26 19:36:33] INFO: GET /api/analytics/dashboard-kpis 304 - - 54.921 ms
[2026-07-26 19:36:33] INFO: GET /api/analytics/crime-by-category 200 632 - 47.469 ms
[2026-07-26 19:36:33] INFO: GET /api/analytics/monthly-trend?year=2026 304 - - 41.012 ms
[2026-07-26 19:36:33] INFO: GET /api/analytics/crime-by-district 200 - - 36.261 ms
[2026-07-26 19:36:33] INFO: GET /api/firs?limit=5 304 - - 44.454 ms
[2026-07-26 19:36:45] INFO: GET /api/analytics/crime-by-category 200 632 - 23.037 ms
[2026-07-26 19:36:45] INFO: GET /api/analytics/monthly-trend?year=2026 304 - - 18.699 ms
[2026-07-26 19:36:45] INFO: GET /api/analytics/crime-by-district 200 - - 28.317 ms
[2026-07-26 19:36:45] INFO: GET /api/analytics/crime-by-category 200 632 - 23.461 ms
[2026-07-26 19:36:45] INFO: GET /api/analytics/monthly-trend?year=2026 304 - - 23.305 ms
[2026-07-26 19:36:45] INFO: GET /api/analytics/crime-by-district 200 - - 18.526 ms
[2026-07-26 19:36:58] INFO: GET /api/criminals?search=&limit=50 304 - - 50.450 ms
[2026-07-26 19:37:05] INFO: GET /api/evidence 304 - - 53.267 ms
[2026-07-26 19:37:05] INFO: GET /api/evidence 304 - - 31.828 ms
[2026-07-26 19:37:08] INFO: GET /api/officers 304 - - 27.435 ms
[2026-07-26 19:37:08] INFO: GET /api/officers 304 - - 19.842 ms
[2026-07-26 19:37:11] INFO: GET /api/districts 304 - - 10.891 ms
[2026-07-26 19:37:11] INFO: GET /api/districts 304 - - 10.251 ms
[2026-07-26 19:45:03] INFO: POST /api/auth/login 200 331 - 306.719 ms
[2026-07-26 19:45:03] INFO: GET /api/analytics/dashboard-kpis 304 - - 100.896 ms
[2026-07-26 19:45:03] INFO: GET /api/analytics/monthly-trend?year=2026 304 - - 83.460 ms
[2026-07-26 19:45:03] INFO: GET /api/analytics/crime-by-category 200 632 - 93.163 ms
[2026-07-26 19:45:04] INFO: GET /api/firs?limit=5 304 - - 244.436 ms
[2026-07-26 19:45:04] INFO: GET /api/analytics/crime-by-district 200 - - 97.935 ms
[2026-07-26 19:45:04] INFO: GET /api/analytics/dashboard-kpis 304 - - 168.859 ms
[2026-07-26 19:45:04] INFO: GET /api/analytics/monthly-trend?year=2026 304 - - 156.475 ms
[2026-07-26 19:45:04] INFO: GET /api/analytics/crime-by-category 200 632 - 153.888 ms
[2026-07-26 19:45:04] INFO: GET /api/firs?limit=5 304 - - 64.731 ms
[2026-07-26 19:45:04] INFO: GET /api/analytics/crime-by-district 200 - - 39.309 ms
[2026-07-26 19:45:12] INFO: GET /api/analytics/monthly-trend?year=2026 304 - - 14.457 ms
[2026-07-26 19:45:12] INFO: GET /api/analytics/crime-by-category 200 632 - 23.175 ms
[2026-07-26 19:45:12] INFO: GET /api/analytics/crime-by-district 200 - - 22.436 ms
[2026-07-26 19:45:12] INFO: GET /api/analytics/monthly-trend?year=2026 304 - - 17.783 ms
[2026-07-26 19:45:12] INFO: GET /api/analytics/crime-by-category 200 632 - 22.890 ms
[2026-07-26 19:45:12] INFO: GET /api/analytics/crime-by-district 200 - - 30.036 ms
[2026-07-26 19:45:17] INFO: GET /api/cases?limit=50 304 - - 44.335 ms
[2026-07-26 19:45:17] INFO: GET /api/cases?limit=50 304 - - 38.957 ms
[2026-07-26 19:45:20] INFO: GET /api/firs?search=&limit=50 304 - - 48.253 ms
[2026-07-26 19:45:24] INFO: GET /api/criminals?search=&limit=50 304 - - 24.658 ms
[2026-07-26 19:45:26] INFO: GET /api/evidence 304 - - 42.517 ms
[2026-07-26 19:45:26] INFO: GET /api/evidence 304 - - 28.387 ms
[2026-07-26 19:45:28] INFO: GET /api/officers 304 - - 23.811 ms
[2026-07-26 19:45:28] INFO: GET /api/officers 304 - - 23.288 ms
[2026-07-26 19:47:37] INFO: GET /api/analytics/dashboard-kpis 304 - - 107.940 ms
[2026-07-26 19:47:37] INFO: GET /api/analytics/monthly-trend?year=2026 304 - - 52.227 ms
[2026-07-26 19:47:37] INFO: GET /api/analytics/crime-by-category 200 632 - 64.229 ms
[2026-07-26 19:47:37] INFO: GET /api/firs?limit=5 304 - - 111.541 ms
[2026-07-26 19:47:37] INFO: GET /api/analytics/crime-by-district 200 - - 84.891 ms
[2026-07-26 19:47:37] INFO: GET /api/analytics/dashboard-kpis 304 - - 49.558 ms
[2026-07-26 19:47:37] INFO: GET /api/analytics/monthly-trend?year=2026 304 - - 51.150 ms
[2026-07-26 19:47:37] INFO: GET /api/analytics/crime-by-category 200 632 - 53.895 ms
[2026-07-26 19:47:38] INFO: GET /api/firs?limit=5 304 - - 54.950 ms
[2026-07-26 19:47:38] INFO: GET /api/analytics/crime-by-district 200 - - 41.758 ms
[2026-07-26 19:48:14] INFO: GET /api/analytics/crime-by-category 200 632 - 21.587 ms
[2026-07-26 19:48:14] INFO: GET /api/analytics/monthly-trend?year=2026 304 - - 17.962 ms
[2026-07-26 19:48:14] INFO: GET /api/analytics/crime-by-district 200 - - 28.249 ms
[2026-07-26 19:48:14] INFO: GET /api/analytics/crime-by-category 200 632 - 27.329 ms
[2026-07-26 19:48:14] INFO: GET /api/analytics/monthly-trend?year=2026 304 - - 24.835 ms
[2026-07-26 19:48:14] INFO: GET /api/analytics/crime-by-district 200 - - 23.323 ms
[2026-07-26 19:48:22] INFO: GET /api/analytics/dashboard-kpis 304 - - 38.820 ms
[2026-07-26 19:48:22] INFO: GET /api/analytics/crime-by-category 200 632 - 51.297 ms
[2026-07-26 19:48:22] INFO: GET /api/analytics/monthly-trend?year=2026 304 - - 50.889 ms
[2026-07-26 19:48:22] INFO: GET /api/analytics/crime-by-district 200 - - 55.739 ms
[2026-07-26 19:48:22] INFO: GET /api/analytics/dashboard-kpis 304 - - 58.743 ms
[2026-07-26 19:48:22] INFO: GET /api/firs?limit=5 304 - - 79.912 ms
[2026-07-26 19:48:22] INFO: GET /api/analytics/crime-by-category 200 632 - 35.197 ms
[2026-07-26 19:48:22] INFO: GET /api/analytics/monthly-trend?year=2026 304 - - 34.758 ms
[2026-07-26 19:48:22] INFO: GET /api/firs?limit=5 304 - - 38.956 ms
[2026-07-26 19:48:22] INFO: GET /api/analytics/crime-by-district 200 - - 32.354 ms
[2026-07-26 19:48:24] INFO: GET /api/analytics/crime-by-category 200 632 - 34.689 ms
[2026-07-26 19:48:24] INFO: GET /api/analytics/monthly-trend?year=2026 304 - - 31.674 ms
[2026-07-26 19:48:24] INFO: GET /api/analytics/crime-by-district 200 - - 38.441 ms
[2026-07-26 19:48:24] INFO: GET /api/analytics/crime-by-category 200 632 - 25.925 ms
[2026-07-26 19:48:24] INFO: GET /api/analytics/monthly-trend?year=2026 304 - - 21.810 ms
[2026-07-26 19:48:24] INFO: GET /api/analytics/crime-by-district 200 - - 22.162 ms
[2026-07-26 19:48:26] INFO: GET /api/analytics/dashboard-kpis 304 - - 40.168 ms
[2026-07-26 19:48:26] INFO: GET /api/analytics/monthly-trend?year=2026 304 - - 28.967 ms
[2026-07-26 19:48:26] INFO: GET /api/analytics/crime-by-category 200 632 - 33.942 ms
[2026-07-26 19:48:26] INFO: GET /api/analytics/crime-by-district 200 - - 37.578 ms
[2026-07-26 19:48:26] INFO: GET /api/firs?limit=5 304 - - 69.401 ms
[2026-07-26 19:48:26] INFO: GET /api/analytics/dashboard-kpis 304 - - 53.307 ms
[2026-07-26 19:48:26] INFO: GET /api/analytics/monthly-trend?year=2026 304 - - 54.091 ms
[2026-07-26 19:48:26] INFO: GET /api/analytics/crime-by-category 200 632 - 54.630 ms
[2026-07-26 19:48:26] INFO: GET /api/firs?limit=5 304 - - 53.173 ms
[2026-07-26 19:48:26] INFO: GET /api/analytics/crime-by-district 200 - - 52.826 ms
[2026-07-26 19:48:28] INFO: GET /api/officers 304 - - 23.590 ms
[2026-07-26 19:48:28] INFO: GET /api/officers 304 - - 19.388 ms
[2026-07-26 19:48:29] INFO: GET /api/evidence 304 - - 40.040 ms
[2026-07-26 19:48:29] INFO: GET /api/evidence 304 - - 21.248 ms
[2026-07-26 19:48:30] INFO: GET /api/criminals?search=&limit=50 304 - - 26.984 ms
[2026-07-26 19:48:31] INFO: GET /api/firs?search=&limit=50 304 - - 42.356 ms
[2026-07-26 19:48:32] INFO: GET /api/cases?limit=50 304 - - 40.742 ms
[2026-07-26 19:48:32] INFO: GET /api/cases?limit=50 304 - - 33.946 ms
[2026-07-26 19:48:34] INFO: GET /api/analytics/crime-by-category 200 632 - 16.029 ms
[2026-07-26 19:48:34] INFO: GET /api/analytics/monthly-trend?year=2026 304 - - 10.835 ms
[2026-07-26 19:48:34] INFO: GET /api/analytics/crime-by-district 200 - - 20.418 ms
[2026-07-26 19:48:34] INFO: GET /api/analytics/crime-by-category 200 632 - 14.411 ms
[2026-07-26 19:48:34] INFO: GET /api/analytics/monthly-trend?year=2026 304 - - 15.529 ms
[2026-07-26 19:48:34] INFO: GET /api/analytics/crime-by-district 200 - - 18.480 ms
[2026-07-26 19:48:35] INFO: GET /api/analytics/crime-by-category 200 632 - 33.631 ms
[2026-07-26 19:48:35] INFO: GET /api/analytics/dashboard-kpis 304 - - 34.913 ms
[2026-07-26 19:48:35] INFO: GET /api/analytics/monthly-trend?year=2026 304 - - 32.287 ms
[2026-07-26 19:48:35] INFO: GET /api/analytics/crime-by-district 200 - - 39.365 ms
[2026-07-26 19:48:35] INFO: GET /api/firs?limit=5 304 - - 47.005 ms
[2026-07-26 19:48:35] INFO: GET /api/analytics/dashboard-kpis 304 - - 26.253 ms
[2026-07-26 19:48:35] INFO: GET /api/analytics/crime-by-category 200 632 - 30.715 ms
[2026-07-26 19:48:35] INFO: GET /api/analytics/monthly-trend?year=2026 304 - - 28.007 ms
[2026-07-26 19:48:35] INFO: GET /api/firs?limit=5 304 - - 31.561 ms
[2026-07-26 19:48:35] INFO: GET /api/analytics/crime-by-district 200 - - 27.828 ms
[2026-07-26 19:49:01] INFO: GET /api/analytics/dashboard-kpis 304 - - 30.927 ms
[2026-07-26 19:49:01] INFO: GET /api/analytics/crime-by-category 200 632 - 27.595 ms
[2026-07-26 19:49:01] INFO: GET /api/analytics/monthly-trend?year=2026 304 - - 28.741 ms
[2026-07-26 19:49:01] INFO: GET /api/analytics/crime-by-district 200 - - 31.954 ms
[2026-07-26 19:49:01] INFO: GET /api/firs?limit=5 304 - - 53.078 ms
[2026-07-26 19:49:01] INFO: GET /api/analytics/dashboard-kpis 304 - - 34.881 ms
[2026-07-26 19:49:01] INFO: GET /api/analytics/crime-by-category 200 632 - 35.349 ms
[2026-07-26 19:49:01] INFO: GET /api/analytics/monthly-trend?year=2026 304 - - 35.003 ms
[2026-07-26 19:49:02] INFO: GET /api/firs?limit=5 304 - - 42.357 ms
[2026-07-26 19:49:02] INFO: GET /api/analytics/crime-by-district 200 - - 34.084 ms
[2026-07-26 19:49:07] INFO: GET /api/analytics/monthly-trend?year=2026 304 - - 19.994 ms
[2026-07-26 19:49:07] INFO: GET /api/analytics/crime-by-category 200 632 - 28.494 ms
[2026-07-26 19:49:07] INFO: GET /api/analytics/crime-by-district 200 - - 32.929 ms
[2026-07-26 19:49:07] INFO: GET /api/analytics/monthly-trend?year=2026 304 - - 24.646 ms
[2026-07-26 19:49:07] INFO: GET /api/analytics/crime-by-category 200 632 - 22.705 ms
[2026-07-26 19:49:07] INFO: GET /api/analytics/crime-by-district 200 - - 22.086 ms
[2026-07-26 19:49:09] INFO: GET /api/cases?limit=50 304 - - 38.544 ms
[2026-07-26 19:49:09] INFO: GET /api/cases?limit=50 304 - - 27.394 ms
[2026-07-26 19:49:12] INFO: GET /api/firs?search=&limit=50 304 - - 36.496 ms
[2026-07-26 19:49:15] INFO: GET /api/criminals?search=&limit=50 304 - - 19.593 ms
[2026-07-26 19:49:21] INFO: GET /api/evidence 304 - - 29.049 ms
[2026-07-26 19:49:21] INFO: GET /api/evidence 304 - - 14.464 ms
[2026-07-26 19:49:27] INFO: GET /api/officers 304 - - 24.116 ms
[2026-07-26 19:49:27] INFO: GET /api/officers 304 - - 18.685 ms
[2026-07-26 19:49:59] INFO: GET /api/analytics/dashboard-kpis 304 - - 20.569 ms
[2026-07-26 19:49:59] INFO: GET /api/analytics/crime-by-category 200 632 - 22.899 ms
[2026-07-26 19:49:59] INFO: GET /api/analytics/monthly-trend?year=2026 304 - - 24.405 ms
[2026-07-26 19:49:59] INFO: GET /api/analytics/crime-by-district 200 - - 24.105 ms
[2026-07-26 19:49:59] INFO: GET /api/analytics/dashboard-kpis 304 - - 35.099 ms
[2026-07-26 19:49:59] INFO: GET /api/firs?limit=5 304 - - 56.913 ms
[2026-07-26 19:49:59] INFO: GET /api/analytics/crime-by-category 200 632 - 43.227 ms
[2026-07-26 19:49:59] INFO: GET /api/analytics/monthly-trend?year=2026 304 - - 34.515 ms
[2026-07-26 19:49:59] INFO: GET /api/firs?limit=5 304 - - 25.536 ms
[2026-07-26 19:49:59] INFO: GET /api/analytics/crime-by-district 200 - - 38.104 ms
